---
source: crates/dv-toolbox-core/src/pack/aaux_source_control/tests.rs
assertion_line: 422
expression: displayed_speeds
---
[
    "0 0",
    "0 1/32",
    "0 1/16",
    "0 1/15",
    "0 1/14",
    "0 1/13",
    "0 1/12",
    "0 1/11",
    "0 1/10",
    "0 1/9",
    "0 1/8",
    "0 1/7",
    "0 1/6",
    "0 1/5",
    "0 1/4",
    "0 1/3",
    "0 1/2",
    "0 17/32",
    "0 9/16",
    "0 19/32",
    "0 5/8",
    "0 21/32",
    "0 11/16",
    "0 23/32",
    "0 3/4",
    "0 25/32",
    "0 13/16",
    "0 27/32",
    "0 7/8",
    "0 29/32",
    "0 15/16",
    "0 31/32",
    "1 0",
    "1 1/16",
    "1 1/8",
    "1 3/16",
    "1 1/4",
    "1 5/16",
    "1 3/8",
    "1 7/16",
    "1 1/2",
    "1 9/16",
    "1 5/8",
    "1 11/16",
    "1 3/4",
    "1 13/16",
    "1 7/8",
    "1 15/16",
    "2 0",
    "2 1/8",
    "2 1/4",
    "2 3/8",
    "2 1/2",
    "2 5/8",
    "2 3/4",
    "2 7/8",
    "3 0",
    "3 1/8",
    "3 1/4",
    "3 3/8",
    "3 1/2",
    "3 5/8",
    "3 3/4",
    "3 7/8",
    "4 0",
    "4 1/4",
    "4 1/2",
    "4 3/4",
    "5 0",
    "5 1/4",
    "5 1/2",
    "5 3/4",
    "6 0",
    "6 1/4",
    "6 1/2",
    "6 3/4",
    "7 0",
    "7 1/4",
    "7 1/2",
    "7 3/4",
    "8 0",
    "8 1/2",
    "9 0",
    "9 1/2",
    "10 0",
    "10 1/2",
    "11 0",
    "11 1/2",
    "12 0",
    "12 1/2",
    "13 0",
    "13 1/2",
    "14 0",
    "14 1/2",
    "15 0",
    "15 1/2",
    "16 0",
    "17 0",
    "18 0",
    "19 0",
    "20 0",
    "21 0",
    "22 0",
    "23 0",
    "24 0",
    "25 0",
    "26 0",
    "27 0",
    "28 0",
    "29 0",
    "30 0",
    "31 0",
    "32 0",
    "34 0",
    "36 0",
    "38 0",
    "40 0",
    "42 0",
    "44 0",
    "46 0",
    "48 0",
    "50 0",
    "52 0",
    "54 0",
    "56 0",
    "58 0",
    "60 0",
]
