---
source: crates/dv-toolbox-core/src/pack/camera_consumer_1/tests.rs
expression: displayed_focus_positions
---
[
    "0",
    "1",
    "2",
    "3",
    "4",
    "5",
    "6",
    "7",
    "8",
    "9",
    "10",
    "11",
    "12",
    "13",
    "14",
    "15",
    "16",
    "17",
    "18",
    "19",
    "20",
    "21",
    "22",
    "23",
    "24",
    "25",
    "26",
    "27",
    "28",
    "29",
    "30",
    "31",
    "40",
    "50",
    "60",
    "70",
    "80",
    "90",
    "100",
    "110",
    "120",
    "130",
    "140",
    "150",
    "160",
    "170",
    "180",
    "190",
    "200",
    "210",
    "220",
    "230",
    "240",
    "250",
    "260",
    "270",
    "280",
    "290",
    "300",
    "310",
    "400",
    "500",
    "600",
    "700",
    "800",
    "900",
    "1000",
    "1100",
    "1200",
    "1300",
    "1400",
    "1500",
    "1600",
    "1700",
    "1800",
    "1900",
    "2000",
    "2100",
    "2200",
    "2300",
    "2400",
    "2500",
    "2600",
    "2700",
    "2800",
    "2900",
    "3000",
    "3100",
    "4000",
    "5000",
    "6000",
    "7000",
    "8000",
    "9000",
    "10000",
    "11000",
    "12000",
    "13000",
    "14000",
    "15000",
    "16000",
    "17000",
    "18000",
    "19000",
    "20000",
    "21000",
    "22000",
    "23000",
    "24000",
    "25000",
    "26000",
    "27000",
    "28000",
    "29000",
    "30000",
]
