---
source: crates/dv-toolbox-core/src/pack/camera_consumer_1/tests.rs
expression: displayed_iris_values
---
[
    "0.0",
    "1",
    "1.1",
    "1.2",
    "1.3",
    "1.4",
    "1.5",
    "1.7",
    "1.8",
    "2",
    "2.2",
    "2.4",
    "2.6",
    "2.8",
    "3.1",
    "3.4",
    "3.7",
    "4",
    "4.4",
    "4.8",
    "5.2",
    "5.7",
    "6.2",
    "6.7",
    "7.3",
    "8",
    "8.7",
    "9.5",
    "10.4",
    "11.3",
    "12.3",
    "13.5",
    "14.7",
    "16",
    "17.4",
    "19.0",
    "20.7",
    "22.6",
    "24.7",
    "26.9",
    "29.3",
    "32",
    "34.9",
    "38.1",
    "41.5",
    "45.3",
    "49.4",
    "53.8",
    "58.7",
    "64",
    "69.8",
    "76.1",
    "83.0",
    "90.5",
    "98.7",
    "107.6",
    "117.4",
    "128",
    "139.6",
    "152.2",
    "166.0",
    "181.0",
    "999.9",
]
